###############################################################################
#
# IAR ELF Linker V8.40.1.212/W32 for ARM                  13/Mar/2020  23:49:42
# Copyright 2007-2019 IAR Systems AB.
#
#    Output file  =
#        D:\Projects\Electron_Rocket\BMP_280 Nucleo_L031K6\EWARM\BMP_280
#        Nucleo_L031K6\Exe\BMP_280 Nucleo_L031K6.out
#    Map file     =
#        D:\Projects\Electron_Rocket\BMP_280 Nucleo_L031K6\EWARM\BMP_280
#        Nucleo_L031K6\List\BMP_280 Nucleo_L031K6.map
#    Command line =
#        -f C:\Users\User\AppData\Local\Temp\EW2730.tmp
#        ("D:\Projects\Electron_Rocket\BMP_280 Nucleo_L031K6\EWARM\BMP_280
#        Nucleo_L031K6\Obj\bmp280.o" "D:\Projects\Electron_Rocket\BMP_280
#        Nucleo_L031K6\EWARM\BMP_280 Nucleo_L031K6\Obj\main.o"
#        "D:\Projects\Electron_Rocket\BMP_280 Nucleo_L031K6\EWARM\BMP_280
#        Nucleo_L031K6\Obj\startup_stm32l031xx.o"
#        "D:\Projects\Electron_Rocket\BMP_280 Nucleo_L031K6\EWARM\BMP_280
#        Nucleo_L031K6\Obj\stm32l0xx_hal.o"
#        "D:\Projects\Electron_Rocket\BMP_280 Nucleo_L031K6\EWARM\BMP_280
#        Nucleo_L031K6\Obj\stm32l0xx_hal_cortex.o"
#        "D:\Projects\Electron_Rocket\BMP_280 Nucleo_L031K6\EWARM\BMP_280
#        Nucleo_L031K6\Obj\stm32l0xx_hal_dma.o"
#        "D:\Projects\Electron_Rocket\BMP_280 Nucleo_L031K6\EWARM\BMP_280
#        Nucleo_L031K6\Obj\stm32l0xx_hal_flash.o"
#        "D:\Projects\Electron_Rocket\BMP_280 Nucleo_L031K6\EWARM\BMP_280
#        Nucleo_L031K6\Obj\stm32l0xx_hal_flash_ex.o"
#        "D:\Projects\Electron_Rocket\BMP_280 Nucleo_L031K6\EWARM\BMP_280
#        Nucleo_L031K6\Obj\stm32l0xx_hal_flash_ramfunc.o"
#        "D:\Projects\Electron_Rocket\BMP_280 Nucleo_L031K6\EWARM\BMP_280
#        Nucleo_L031K6\Obj\stm32l0xx_hal_gpio.o"
#        "D:\Projects\Electron_Rocket\BMP_280 Nucleo_L031K6\EWARM\BMP_280
#        Nucleo_L031K6\Obj\stm32l0xx_hal_i2c.o"
#        "D:\Projects\Electron_Rocket\BMP_280 Nucleo_L031K6\EWARM\BMP_280
#        Nucleo_L031K6\Obj\stm32l0xx_hal_i2c_ex.o"
#        "D:\Projects\Electron_Rocket\BMP_280 Nucleo_L031K6\EWARM\BMP_280
#        Nucleo_L031K6\Obj\stm32l0xx_hal_msp.o"
#        "D:\Projects\Electron_Rocket\BMP_280 Nucleo_L031K6\EWARM\BMP_280
#        Nucleo_L031K6\Obj\stm32l0xx_hal_pwr.o"
#        "D:\Projects\Electron_Rocket\BMP_280 Nucleo_L031K6\EWARM\BMP_280
#        Nucleo_L031K6\Obj\stm32l0xx_hal_pwr_ex.o"
#        "D:\Projects\Electron_Rocket\BMP_280 Nucleo_L031K6\EWARM\BMP_280
#        Nucleo_L031K6\Obj\stm32l0xx_hal_rcc.o"
#        "D:\Projects\Electron_Rocket\BMP_280 Nucleo_L031K6\EWARM\BMP_280
#        Nucleo_L031K6\Obj\stm32l0xx_hal_rcc_ex.o"
#        "D:\Projects\Electron_Rocket\BMP_280 Nucleo_L031K6\EWARM\BMP_280
#        Nucleo_L031K6\Obj\stm32l0xx_hal_tim.o"
#        "D:\Projects\Electron_Rocket\BMP_280 Nucleo_L031K6\EWARM\BMP_280
#        Nucleo_L031K6\Obj\stm32l0xx_hal_tim_ex.o"
#        "D:\Projects\Electron_Rocket\BMP_280 Nucleo_L031K6\EWARM\BMP_280
#        Nucleo_L031K6\Obj\stm32l0xx_hal_uart.o"
#        "D:\Projects\Electron_Rocket\BMP_280 Nucleo_L031K6\EWARM\BMP_280
#        Nucleo_L031K6\Obj\stm32l0xx_hal_uart_ex.o"
#        "D:\Projects\Electron_Rocket\BMP_280 Nucleo_L031K6\EWARM\BMP_280
#        Nucleo_L031K6\Obj\stm32l0xx_it.o" "D:\Projects\Electron_Rocket\BMP_280
#        Nucleo_L031K6\EWARM\BMP_280 Nucleo_L031K6\Obj\system_stm32l0xx.o"
#        --redirect _Printf=_PrintfFull --redirect _Scanf=_ScanfFull
#        --no_out_extension -o "D:\Projects\Electron_Rocket\BMP_280
#        Nucleo_L031K6\EWARM\BMP_280 Nucleo_L031K6\Exe\BMP_280
#        Nucleo_L031K6.out" --map "D:\Projects\Electron_Rocket\BMP_280
#        Nucleo_L031K6\EWARM\BMP_280 Nucleo_L031K6\List\BMP_280
#        Nucleo_L031K6.map" --config "D:\Projects\Electron_Rocket\BMP_280
#        Nucleo_L031K6\EWARM/stm32l031xx_flash.icf" --semihosting --entry
#        __iar_program_start --vfe --text_out locale)
#
###############################################################################

*******************************************************************************
*** RUNTIME MODEL ATTRIBUTES
***

CppFlavor       = *
__SystemLibrary = DLib
__dlib_version  = 6


*******************************************************************************
*** HEAP SELECTION
***

The basic heap was selected because no calls to memory allocation
functions were found in the application outside of system library
functions, and there are calls to deallocation functions in the
application.


*******************************************************************************
*** PLACEMENT SUMMARY
***

"A0":  place at address 0x800'0000 { ro section .intvec };
"P1":  place in [from 0x800'0000 to 0x800'7fff] { ro };
define block CSTACK with size = 1K, alignment = 8 { };
define block HEAP with size = 512, alignment = 8 { };
"P2":  place in [from 0x2000'0000 to 0x2000'1fff] {
          rw, block CSTACK, block HEAP };
initialize by copy { rw };

  Section            Kind         Address    Size  Object
  -------            ----         -------    ----  ------
"A0":                                        0xc0
  .intvec            ro code   0x800'0000    0xc0  startup_stm32l031xx.o [1]
                             - 0x800'00c0    0xc0

"P1":                                      0x4e02
  .text              ro code   0x800'00c0  0x113e  xprintffull.o [2]
  .text              ro code   0x800'11fe    0x7e  lz77_init_single.o [4]
  .text              ro code   0x800'127c    0x8c  xlocale_c.o [2]
  .text              ro code   0x800'1308    0x12  strchr.o [4]
  .text              ro code   0x800'131a     0xa  xsprout.o [2]
  .text              ro code   0x800'1324    0x48  xfail_s.o [2]
  .text              ro code   0x800'136c     0xe  strlen.o [4]
  .rodata            const     0x800'137a     0x2  xlocale_c.o [2]
  .text              ro code   0x800'137c    0x16  memchr.o [4]
  .rodata            const     0x800'1392     0x2  xlocale_c.o [2]
  .text              ro code   0x800'1394    0x4e  ABImemcpy.o [4]
  .text              ro code   0x800'13e2    0x32  DblCmpLe.o [3]
  .text              ro code   0x800'1414    0x32  DblCmpGe.o [3]
  .text              ro code   0x800'1446     0x2  startup_stm32l031xx.o [1]
  .text              ro code   0x800'1448    0x52  DblToI32.o [3]
  .text              ro code   0x800'149a     0x2  startup_stm32l031xx.o [1]
  .text              ro code   0x800'149c    0x34  IxxToDbl.o [3]
  .text              ro code   0x800'14d0   0x1b4  DblAddSub.o [3]
  .text              ro code   0x800'1684    0xe0  I32DivModFast.o [4]
  .text              ro code   0x800'1764    0xc2  DblDiv.o [3]
  .text              ro code   0x800'1826   0x184  DblMul.o [3]
  .text              ro code   0x800'19aa     0xa  xmbcurmax.o [2]
  .text              ro code   0x800'19b4    0xa8  I64DivMod.o [4]
  .text              ro code   0x800'1a5c     0xa  abort.o [2]
  .text              ro code   0x800'1a66     0x2  startup_stm32l031xx.o [1]
  .text              ro code   0x800'1a68     0x2  IntDivZer.o [4]
  .text              ro code   0x800'1a6a     0x2  startup_stm32l031xx.o [1]
  .text              ro code   0x800'1a6c     0x2  I64DivZer.o [4]
  .text              ro code   0x800'1a6e     0x2  startup_stm32l031xx.o [1]
  .text              ro code   0x800'1a70    0x14  exit.o [5]
  .text              ro code   0x800'1a84   0x7b4  stm32l0xx_hal_rcc.o [1]
  .text              ro code   0x800'2238     0xc  stm32l0xx_hal.o [1]
  .text              ro code   0x800'2244    0x34  stm32l0xx_hal.o [1]
  .text              ro code   0x800'2278    0xe0  stm32l0xx_hal_cortex.o [1]
  .text              ro code   0x800'2358   0x728  stm32l0xx_hal_i2c.o [1]
  .text              ro code   0x800'2a80    0xd8  stm32l0xx_hal_msp.o [1]
  .text              ro code   0x800'2b58    0x14  memset.o [4]
  .text              ro code   0x800'2b6c   0x220  stm32l0xx_hal_gpio.o [1]
  .text              ro code   0x800'2d8c    0x4e  ABImemset.o [4]
  .text              ro code   0x800'2dda     0x2  startup_stm32l031xx.o [1]
  .text              ro code   0x800'2ddc   0x6b4  bmp280.o [1]
  .text              ro code   0x800'3490    0x32  FltToDbl.o [3]
  .text              ro code   0x800'34c2    0xaa  FltDiv.o [3]
  .text              ro code   0x800'356c   0x372  logx64.o [3]
  .text              ro code   0x800'38de    0x62  DblToFlt.o [3]
  .text              ro code   0x800'3940    0x32  I64Mul.o [4]
  .text              ro code   0x800'3972     0x2  startup_stm32l031xx.o [1]
  .text              ro code   0x800'3974    0x36  IxxToFlt.o [3]
  .text              ro code   0x800'39aa     0x2  startup_stm32l031xx.o [1]
  .text              ro code   0x800'39ac   0x678  stm32l0xx_hal_uart.o [1]
  .text              ro code   0x800'4024   0x51a  main.o [1]
  .text              ro code   0x800'453e     0x2  startup_stm32l031xx.o [1]
  .text              ro code   0x800'4540   0x1b8  stm32l0xx_hal_flash.o [1]
  .text              ro code   0x800'46f8    0x1e  memcmp.o [4]
  .text              ro code   0x800'4716     0x2  startup_stm32l031xx.o [1]
  .text              ro code   0x800'4718    0x2c  stm32l0xx_hal.o [1]
  .text              ro code   0x800'4744    0x20  stm32l0xx_hal.o [1]
  .text              ro code   0x800'4764   0x120  FltAddSub.o [3]
  .text              ro code   0x800'4884    0xb0  FltMul.o [3]
  .text              ro code   0x800'4934    0x3a  FltToS32.o [3]
  .text              ro code   0x800'496e     0x2  startup_stm32l031xx.o [1]
  .text              ro code   0x800'4970    0x40  sprintf.o [2]
  .text              ro code   0x800'49b0   0x19c  stm32l0xx_hal_rcc_ex.o [1]
  .text              ro code   0x800'4b4c    0xcc  stm32l0xx_hal_i2c_ex.o [1]
  .rodata            const     0x800'4c18    0x8a  xprintffull.o [2]
  .text              ro code   0x800'4ca2     0x2  startup_stm32l031xx.o [1]
  .text              ro code   0x800'4ca4    0x70  system_stm32l0xx.o [1]
  .text              ro code   0x800'4d14    0x3c  zero_init3.o [4]
  .text              ro code   0x800'4d50    0x28  data_init.o [4]
  .iar.init_table    const     0x800'4d78    0x20  - Linker created -
  .text              ro code   0x800'4d98    0x1e  cmain.o [4]
  .text              ro code   0x800'4db6     0x4  low_level_init.o [2]
  .text              ro code   0x800'4dba     0x8  exit.o [2]
  .text              ro code   0x800'4dc2     0x2  startup_stm32l031xx.o [1]
  .text              ro code   0x800'4dc4     0xa  cexit.o [4]
  .text              ro code   0x800'4dce    0x1c  xencoding_8859_1.o [2]
  .text              ro code   0x800'4dea     0x2  startup_stm32l031xx.o [1]
  .rodata            const     0x800'4dec    0x14  main.o [1]
  .rodata            const     0x800'4e00    0x14  main.o [1]
  .text              ro code   0x800'4e14    0x12  stm32l0xx_it.o [1]
  .text              ro code   0x800'4e26     0x2  startup_stm32l031xx.o [1]
  .text              ro code   0x800'4e28    0x10  stm32l0xx_hal.o [1]
  .rodata            const     0x800'4e38    0x10  system_stm32l0xx.o [1]
  .text              ro code   0x800'4e48    0x10  startup_stm32l031xx.o [1]
  .rodata            const     0x800'4e58     0xc  main.o [1]
  .rodata            const     0x800'4e64     0xc  system_stm32l0xx.o [1]
  .text              ro code   0x800'4e70     0xc  cstartup_M.o [4]
  .rodata            const     0x800'4e7c     0x8  system_stm32l0xx.o [1]
  .text              ro code   0x800'4e84     0x2  startup_stm32l031xx.o [1]
  .text              ro code   0x800'4e86     0x2  startup_stm32l031xx.o [1]
  .text              ro code   0x800'4e88     0x2  startup_stm32l031xx.o [1]
  .text              ro code   0x800'4e8a     0x2  startup_stm32l031xx.o [1]
  .text              ro code   0x800'4e8c     0x2  startup_stm32l031xx.o [1]
  .rodata            const     0x800'4e8e     0x1  main.o [1]
  .rodata            const     0x800'4e8f     0x1  xlocale_c.o [2]
  .rodata            const     0x800'4e90     0x0  zero_init3.o [4]
  .rodata            const     0x800'4e90     0x0  lz77_init_single.o [4]
  Initializer bytes  const     0x800'4e90    0x32  <for P2-1>
                             - 0x800'4ec2  0x4e02

"P2", part 1 of 3:                           0x88
  P2-1                        0x2000'0000    0x88  <Init block>
    .data            inited   0x2000'0000     0x4  main.o [1]
    .data            inited   0x2000'0004     0x4  system_stm32l0xx.o [1]
    .data            inited   0x2000'0008    0x38  xlocale_c.o [2]
    .data            inited   0x2000'0040    0x48  xlocale_c.o [2]
                            - 0x2000'0088    0x88

"P2", part 2 of 3:                          0x1c0
  .bss               zero     0x2000'0088    0x80  main.o [1]
  .bss               zero     0x2000'0108    0x80  main.o [1]
  .bss               zero     0x2000'0188    0x4c  main.o [1]
  .bss               zero     0x2000'01d4    0x34  main.o [1]
  .bss               zero     0x2000'0208    0x18  stm32l0xx_hal_flash.o [1]
  .bss               zero     0x2000'0220     0x4  main.o [1]
  .bss               zero     0x2000'0224     0x4  main.o [1]
  .bss               zero     0x2000'0228     0x4  main.o [1]
  .bss               zero     0x2000'022c     0x4  main.o [1]
  .bss               zero     0x2000'0230     0x4  main.o [1]
  .bss               zero     0x2000'0234     0x4  main.o [1]
  .bss               zero     0x2000'0238     0x4  main.o [1]
  .bss               zero     0x2000'023c     0x4  stm32l0xx_hal.o [1]
  .bss               zero     0x2000'0240     0x4  xfail_s.o [2]
  .bss               zero     0x2000'0244     0x2  main.o [1]
                            - 0x2000'0246   0x1be

"P2", part 3 of 3:                          0x400
  CSTACK                      0x2000'0248   0x400  <Block>
    CSTACK           uninit   0x2000'0248   0x400  <Block tail>
                            - 0x2000'0648   0x400

Unused ranges:

         From           To    Size
         ----           --    ----
   0x800'4ec2   0x800'7fff  0x313e
  0x2000'0648  0x2000'1fff  0x19b8


*******************************************************************************
*** INIT TABLE
***

          Address      Size
          -------      ----
Zero (__iar_zero_init3)
    1 destination range, total size 0x1be:
          0x2000'0088  0x1be

Copy/lz77 (__iar_lz77_init_single3)
    1 source range, total size 0x32 (36% of destination):
           0x800'4e90   0x32
    1 destination range, total size 0x88:
          0x2000'0000   0x88



*******************************************************************************
*** MODULE SUMMARY
***

    Module                  ro code  ro data  rw data
    ------                  -------  -------  -------
command line/config:
    -------------------------------------------------
    Total:

D:\Projects\Electron_Rocket\BMP_280 Nucleo_L031K6\EWARM\BMP_280 Nucleo_L031K6\Obj: [1]
    bmp280.o                  1'716
    main.o                    1'306       54      418
    startup_stm32l031xx.o       248
    stm32l0xx_hal.o             156                 4
    stm32l0xx_hal_cortex.o      224
    stm32l0xx_hal_flash.o       440                24
    stm32l0xx_hal_gpio.o        544
    stm32l0xx_hal_i2c.o       1'832
    stm32l0xx_hal_i2c_ex.o      204
    stm32l0xx_hal_msp.o         216
    stm32l0xx_hal_rcc.o       1'972
    stm32l0xx_hal_rcc_ex.o      412
    stm32l0xx_hal_uart.o      1'656
    stm32l0xx_it.o               18
    system_stm32l0xx.o          112       37        4
    -------------------------------------------------
    Total:                   11'056       91      450

dl6M_tlf.a: [2]
    abort.o                      10
    exit.o                        8
    low_level_init.o              4
    sprintf.o                    64
    xencoding_8859_1.o           28
    xfail_s.o                    72                 4
    xlocale_c.o                 140       53      128
    xmbcurmax.o                  10
    xprintffull.o             4'414      138
    xsprout.o                    10
    -------------------------------------------------
    Total:                    4'760      191      132

m6M_tl.a: [3]
    DblAddSub.o                 436
    DblCmpGe.o                   50
    DblCmpLe.o                   50
    DblDiv.o                    194
    DblMul.o                    388
    DblToFlt.o                   98
    DblToI32.o                   82
    FltAddSub.o                 288
    FltDiv.o                    170
    FltMul.o                    176
    FltToDbl.o                   50
    FltToS32.o                   58
    IxxToDbl.o                   52
    IxxToFlt.o                   54
    logx64.o                    882
    -------------------------------------------------
    Total:                    3'028

rt6M_tl.a: [4]
    ABImemcpy.o                  78
    ABImemset.o                  78
    I32DivModFast.o             224
    I64DivMod.o                 168
    I64DivZer.o                   2
    I64Mul.o                     50
    IntDivZer.o                   2
    cexit.o                      10
    cmain.o                      30
    cstartup_M.o                 12
    data_init.o                  40
    lz77_init_single.o          126
    memchr.o                     22
    memcmp.o                     30
    memset.o                     20
    strchr.o                     18
    strlen.o                     14
    zero_init3.o                 60
    -------------------------------------------------
    Total:                      984

shb_l.a: [5]
    exit.o                       20
    -------------------------------------------------
    Total:                       20

    Linker created                        32    1'024
-----------------------------------------------------
    Grand Total:             19'848      314    1'606


*******************************************************************************
*** ENTRY LIST
***

Entry                       Address   Size  Type      Object
-----                       -------   ----  ----      ------
.iar.init_table$$Base    0x800'4d78          --   Gb  - Linker created -
.iar.init_table$$Limit   0x800'4d98          --   Gb  - Linker created -
?main                    0x800'4d99         Code  Gb  cmain.o [4]
AHBPrescTable            0x800'4e38   0x10  Data  Gb  system_stm32l0xx.o [1]
APBPrescTable            0x800'4e7c    0x8  Data  Gb  system_stm32l0xx.o [1]
CSTACK$$Base            0x2000'0248          --   Gb  - Linker created -
CSTACK$$Limit           0x2000'0648          --   Gb  - Linker created -
CacheMore                0x800'1281   0x28  Code  Lc  xlocale_c.o [2]
Error_Handler            0x800'453d    0x2  Code  Gb  main.o [1]
FLASH_SetErrorCode       0x800'4611   0xcc  Code  Lc  stm32l0xx_hal_flash.o [1]
FLASH_WaitForLastOperation
                         0x800'459d   0x6e  Code  Gb  stm32l0xx_hal_flash.o [1]
HAL_Delay                0x800'4745   0x20  Code  Wk  stm32l0xx_hal.o [1]
HAL_FLASH_Unlock         0x800'4541   0x5c  Code  Gb  stm32l0xx_hal_flash.o [1]
HAL_GPIO_Init            0x800'2b6d  0x1d0  Code  Gb  stm32l0xx_hal_gpio.o [1]
HAL_GPIO_ReadPin         0x800'2d55   0x16  Code  Gb  stm32l0xx_hal_gpio.o [1]
HAL_GPIO_WritePin        0x800'2d6b   0x14  Code  Gb  stm32l0xx_hal_gpio.o [1]
HAL_GetTick              0x800'2239    0xc  Code  Wk  stm32l0xx_hal.o [1]
HAL_I2CEx_ConfigAnalogFilter
                         0x800'4b4d   0x64  Code  Gb  stm32l0xx_hal_i2c_ex.o [1]
HAL_I2CEx_ConfigDigitalFilter
                         0x800'4bb1   0x5e  Code  Gb  stm32l0xx_hal_i2c_ex.o [1]
HAL_I2C_Init             0x800'2359   0xc6  Code  Gb  stm32l0xx_hal_i2c.o [1]
HAL_I2C_Mem_Read         0x800'25dd  0x1b4  Code  Gb  stm32l0xx_hal_i2c.o [1]
HAL_I2C_Mem_Write        0x800'242d  0x1ae  Code  Gb  stm32l0xx_hal_i2c.o [1]
HAL_I2C_MspInit          0x800'2a99   0x56  Code  Gb  stm32l0xx_hal_msp.o [1]
HAL_IncTick              0x800'4e29   0x10  Code  Wk  stm32l0xx_hal.o [1]
HAL_Init                 0x800'4719   0x26  Code  Gb  stm32l0xx_hal.o [1]
HAL_InitTick             0x800'2245   0x34  Code  Wk  stm32l0xx_hal.o [1]
HAL_MspInit              0x800'2a81   0x18  Code  Gb  stm32l0xx_hal_msp.o [1]
HAL_NVIC_SetPriority     0x800'2333    0xa  Code  Gb  stm32l0xx_hal_cortex.o [1]
HAL_RCCEx_PeriphCLKConfig
                         0x800'49b1  0x166  Code  Gb  stm32l0xx_hal_rcc_ex.o [1]
HAL_RCC_ClockConfig      0x800'1f89  0x1a6  Code  Gb  stm32l0xx_hal_rcc.o [1]
HAL_RCC_GetHCLKFreq      0x800'21cb    0x6  Code  Gb  stm32l0xx_hal_rcc.o [1]
HAL_RCC_GetPCLK1Freq     0x800'21d1   0x18  Code  Gb  stm32l0xx_hal_rcc.o [1]
HAL_RCC_GetPCLK2Freq     0x800'21ed   0x18  Code  Gb  stm32l0xx_hal_rcc.o [1]
HAL_RCC_GetSysClockFreq
                         0x800'2149   0x82  Code  Gb  stm32l0xx_hal_rcc.o [1]
HAL_RCC_OscConfig        0x800'1a85  0x4ec  Code  Gb  stm32l0xx_hal_rcc.o [1]
HAL_SYSTICK_Config       0x800'233d    0x8  Code  Gb  stm32l0xx_hal_cortex.o [1]
HAL_UART_Init            0x800'39ad   0x7a  Code  Gb  stm32l0xx_hal_uart.o [1]
HAL_UART_MspInit         0x800'2aef   0x52  Code  Gb  stm32l0xx_hal_msp.o [1]
HAL_UART_Transmit        0x800'3a2d   0xf2  Code  Gb  stm32l0xx_hal_uart.o [1]
HardFault_Handler        0x800'4e17    0x4  Code  Gb  stm32l0xx_it.o [1]
I2C_Flush_TXDR           0x800'2899   0x28  Code  Lc  stm32l0xx_hal_i2c.o [1]
I2C_IsAcknowledgeFailed
                         0x800'29c3   0x8a  Code  Lc  stm32l0xx_hal_i2c.o [1]
I2C_RequestMemoryRead    0x800'2819   0x7a  Code  Lc  stm32l0xx_hal_i2c.o [1]
I2C_RequestMemoryWrite   0x800'279d   0x7c  Code  Lc  stm32l0xx_hal_i2c.o [1]
I2C_TransferConfig       0x800'2a4d   0x2a  Code  Lc  stm32l0xx_hal_i2c.o [1]
I2C_WaitOnFlagUntilTimeout
                         0x800'28c1   0x58  Code  Lc  stm32l0xx_hal_i2c.o [1]
I2C_WaitOnSTOPFlagUntilTimeout
                         0x800'2971   0x52  Code  Lc  stm32l0xx_hal_i2c.o [1]
I2C_WaitOnTXISFlagUntilTimeout
                         0x800'2919   0x58  Code  Lc  stm32l0xx_hal_i2c.o [1]
MX_GPIO_Init             0x800'4485   0x78  Code  Lc  main.o [1]
MX_I2C1_Init             0x800'43e1   0x4e  Code  Lc  main.o [1]
MX_USART2_UART_Init      0x800'4435   0x30  Code  Lc  main.o [1]
NMI_Handler              0x800'4e15    0x2  Code  Gb  stm32l0xx_it.o [1]
NVIC_SetPriority         0x800'2279   0x8a  Code  Lc  stm32l0xx_hal_cortex.o [1]
PLLMulTable              0x800'4e64    0xc  Data  Gb  system_stm32l0xx.o [1]
PendSV_Handler           0x800'4e1d    0x2  Code  Gb  stm32l0xx_it.o [1]
Region$$Table$$Base      0x800'4d78          --   Gb  - Linker created -
Region$$Table$$Limit     0x800'4d98          --   Gb  - Linker created -
SVC_Handler              0x800'4e1b    0x2  Code  Gb  stm32l0xx_it.o [1]
SaveFlashData            0x800'4025   0xac  Code  Gb  main.o [1]
SysTick_Config           0x800'2303   0x30  Code  Lc  stm32l0xx_hal_cortex.o [1]
SysTick_Handler          0x800'4e1f    0x8  Code  Gb  stm32l0xx_it.o [1]
SystemClock_Config       0x800'4335   0x9c  Code  Gb  main.o [1]
SystemCoreClock         0x2000'0004    0x4  Data  Gb  system_stm32l0xx.o [1]
SystemInit               0x800'4ca5   0x4c  Code  Gb  system_stm32l0xx.o [1]
UART_AdvFeatureConfig    0x800'3e45   0xde  Code  Gb  stm32l0xx_hal_uart.o [1]
UART_CheckIdleState      0x800'3f29   0x60  Code  Gb  stm32l0xx_hal_uart.o [1]
UART_SetConfig           0x800'3b21  0x308  Code  Gb  stm32l0xx_hal_uart.o [1]
UART_WaitOnFlagUntilTimeout
                         0x800'3f91   0x64  Code  Gb  stm32l0xx_hal_uart.o [1]
_Encoding_8859_1_Mbrlen
                         0x800'4ddf    0x2  Code  Gb  xencoding_8859_1.o [2]
_Encoding_8859_1_Wctomb
                         0x800'4dcf   0x10  Code  Gb  xencoding_8859_1.o [2]
_LitobFull               0x800'1057  0x120  Code  Lc  xprintffull.o [2]
_Locale_lconv           0x2000'0008   0x38  Data  Lc  xlocale_c.o [2]
_PrintfFull              0x800'00c1  0xdc2  Code  Gb  xprintffull.o [2]
_PutcharsFull            0x800'11c9   0x36  Code  Lc  xprintffull.o [2]
_PutstrFull              0x800'0f97   0xc0  Code  Lc  xprintffull.o [2]
_PuttxtFull              0x800'0e83  0x114  Code  Lc  xprintffull.o [2]
_SProut                  0x800'131b    0xa  Code  Gb  xsprout.o [2]
__aeabi_cdcmple          0x800'13e3         Code  Gb  DblCmpLe.o [3]
__aeabi_cdrcmple         0x800'1415         Code  Gb  DblCmpGe.o [3]
__aeabi_d2f              0x800'38df         Code  Gb  DblToFlt.o [3]
__aeabi_d2iz             0x800'1449         Code  Gb  DblToI32.o [3]
__aeabi_d2uiz            0x800'146d         Code  Gb  DblToI32.o [3]
__aeabi_dadd             0x800'14d1         Code  Gb  DblAddSub.o [3]
__aeabi_ddiv             0x800'1765         Code  Gb  DblDiv.o [3]
__aeabi_dmul             0x800'1827         Code  Gb  DblMul.o [3]
__aeabi_dsub             0x800'1597         Code  Gb  DblAddSub.o [3]
__aeabi_f2d              0x800'3491         Code  Gb  FltToDbl.o [3]
__aeabi_f2iz             0x800'4935         Code  Gb  FltToS32.o [3]
__aeabi_fadd             0x800'4765         Code  Gb  FltAddSub.o [3]
__aeabi_fdiv             0x800'34c3         Code  Gb  FltDiv.o [3]
__aeabi_fmul             0x800'4885         Code  Gb  FltMul.o [3]
__aeabi_fsub             0x800'47d5         Code  Gb  FltAddSub.o [3]
__aeabi_i2d              0x800'14bd         Code  Gb  IxxToDbl.o [3]
__aeabi_i2f              0x800'3995         Code  Gb  IxxToFlt.o [3]
__aeabi_idiv             0x800'16b1         Code  Gb  I32DivModFast.o [4]
__aeabi_idiv0            0x800'1a69         Code  Gb  IntDivZer.o [4]
__aeabi_idivmod          0x800'16b1         Code  Gb  I32DivModFast.o [4]
__aeabi_ldiv0            0x800'1a6d         Code  Gb  I64DivZer.o [4]
__aeabi_ldivmod          0x800'19b5         Code  Gb  I64DivMod.o [4]
__aeabi_lmul             0x800'3941         Code  Gb  I64Mul.o [4]
__aeabi_memcpy           0x800'13c9         Code  Gb  ABImemcpy.o [4]
__aeabi_memcpy4          0x800'1395         Code  Gb  ABImemcpy.o [4]
__aeabi_memcpy8          0x800'1395         Code  Gb  ABImemcpy.o [4]
__aeabi_memset           0x800'2d8d         Code  Gb  ABImemset.o [4]
__aeabi_ui2d             0x800'149d         Code  Gb  IxxToDbl.o [3]
__aeabi_ui2f             0x800'3975         Code  Gb  IxxToFlt.o [3]
__aeabi_uidiv            0x800'16b7         Code  Gb  I32DivModFast.o [4]
__aeabi_uidivmod         0x800'16b7         Code  Gb  I32DivModFast.o [4]
__aeabi_uldivmod         0x800'19f3         Code  Gb  I64DivMod.o [4]
__cmain                  0x800'4d99         Code  Gb  cmain.o [4]
__exit                   0x800'1a71   0x14  Code  Gb  exit.o [5]
__iar_Fail_s             0x800'1325   0x22  Code  Gb  xfail_s.o [2]
__iar_Log64              0x800'356d  0x2ba  Code  Lc  logx64.o [3]
__iar_Mbcurmax           0x800'19ab    0xa  Code  Gb  xmbcurmax.o [2]
__iar_Memchr             0x800'137d         Code  Gb  memchr.o [4]
__iar_Memcpy             0x800'13d5         Code  Gb  ABImemcpy.o [4]
__iar_Memset4_word       0x800'2dad         Code  Gb  ABImemset.o [4]
__iar_Memset_word        0x800'2d99         Code  Gb  ABImemset.o [4]
__iar_Strchr             0x800'1309         Code  Gb  strchr.o [4]
__iar_d2uiz              0x800'1471         Code  Gb  DblToI32.o [3]
__iar_data_init3         0x800'4d51   0x28  Code  Gb  data_init.o [4]
__iar_globLocale        0x2000'0040   0x48  Data  Lc  xlocale_c.o [2]
__iar_global_Locale      0x800'127d    0x4  Code  Gb  xlocale_c.o [2]
__iar_log64              0x800'38d5    0xa  Code  Gb  logx64.o [3]
__iar_log_medium         0x800'38d5    0xa  Code  Gb  logx64.o [3]
__iar_log_medium64       0x800'38d5    0xa  Code  Gb  logx64.o [3]
__iar_log_mediuml        0x800'38d5    0xa  Code  Gb  logx64.o [3]
__iar_lz77_init_single3
                         0x800'11ff   0x7e  Code  Gb  lz77_init_single.o [4]
__iar_program_start      0x800'4e71         Code  Gb  cstartup_M.o [4]
__iar_zero_init3         0x800'4d15   0x3c  Code  Gb  zero_init3.o [4]
__low_level_init         0x800'4db7    0x4  Code  Gb  low_level_init.o [2]
__vector_table           0x800'0000         Data  Gb  startup_stm32l031xx.o [1]
_call_main               0x800'4da5         Code  Gb  cmain.o [4]
_exit                    0x800'4dc5         Code  Gb  cexit.o [4]
_gLocale_mblen           0x800'12e5    0xa  Code  Gb  xlocale_c.o [2]
_gLocale_mblenInt        0x800'12a9   0x34  Code  Gb  xlocale_c.o [2]
_gLocale_wctomb          0x800'12ef    0xa  Code  Gb  xlocale_c.o [2]
_gLocale_wctombInt       0x800'12dd    0x8  Code  Gb  xlocale_c.o [2]
_main                    0x800'4db3         Code  Gb  cmain.o [4]
abort                    0x800'1a5d    0xa  Code  Gb  abort.o [2]
altitude_0              0x2000'0230    0x4  Data  Gb  main.o [1]
altitude_above_ground   0x2000'0234    0x4  Data  Gb  main.o [1]
altitude_t              0x2000'0238    0x4  Data  Gb  main.o [1]
bmp280                  0x2000'01d4   0x34  Data  Gb  main.o [1]
bmp280_init              0x800'3059   0xf6  Code  Gb  bmp280.o [1]
bmp280_init_user_params
                         0x800'2ddd   0x1a  Code  Gb  bmp280.o [1]
bmp280_read_fixed        0x800'337b   0xa4  Code  Gb  bmp280.o [1]
bmp280_read_float        0x800'341f   0x5a  Code  Gb  bmp280.o [1]
calculate_altitude       0x800'2e69   0x42  Code  Gb  bmp280.o [1]
compensate_humidity      0x800'3305   0x76  Code  Lc  bmp280.o [1]
compensate_pressure      0x800'318b  0x174  Code  Lc  bmp280.o [1]
compensate_temperature   0x800'314f   0x3c  Code  Lc  bmp280.o [1]
data_to_flash           0x2000'022c    0x4  Data  Gb  main.o [1]
data_to_uart            0x2000'0108   0x80  Data  Gb  main.o [1]
exit                     0x800'4dbb    0x8  Code  Gb  exit.o [2]
hi2c1                   0x2000'0188   0x4c  Data  Gb  main.o [1]
huart2                  0x2000'0088   0x80  Data  Gb  main.o [1]
humidity                0x2000'0228    0x4  Data  Gb  main.o [1]
localeconv               0x800'12f9    0x4  Code  Gb  xlocale_c.o [2]
log                      0x800'38d5    0xa  Code  Gb  logx64.o [3]
logl                     0x800'38d5    0xa  Code  Gb  logx64.o [3]
main                     0x800'40d5  0x25c  Code  Gb  main.o [1]
memchr                   0x800'137d         Code  Gb  memchr.o [4]
memcmp                   0x800'46f9         Code  Gb  memcmp.o [4]
memset                   0x800'2b59   0x14  Code  Gb  memset.o [4]
pFlash                  0x2000'0208   0x18  Data  Gb  stm32l0xx_hal_flash.o [1]
pressure                0x2000'0220    0x4  Data  Gb  main.o [1]
read_calibration_data    0x800'2eab   0xc4  Code  Lc  bmp280.o [1]
read_data                0x800'2e39   0x30  Code  Lc  bmp280.o [1]
read_hum_calibration_data
                         0x800'2f6f   0x94  Code  Lc  bmp280.o [1]
read_register16          0x800'2df7   0x42  Code  Lc  bmp280.o [1]
scale                    0x800'1177   0x44  Code  Lc  xprintffull.o [2]
sec_hand                0x2000'0240    0x4  Data  Lc  xfail_s.o [2]
size_to_uart            0x2000'0244    0x2  Data  Gb  main.o [1]
sprintf                  0x800'4971   0x40  Code  Gb  sprintf.o [2]
status                  0x2000'0000    0x4  Data  Gb  main.o [1]
strchr                   0x800'1309         Code  Gb  strchr.o [4]
strlen                   0x800'136d         Code  Gb  strlen.o [4]
temperature             0x2000'0224    0x4  Data  Gb  main.o [1]
uwTick                  0x2000'023c    0x4  Data  Gb  stm32l0xx_hal.o [1]
write_register8          0x800'3003   0x34  Code  Lc  bmp280.o [1]


[1] = D:\Projects\Electron_Rocket\BMP_280 Nucleo_L031K6\EWARM\BMP_280 Nucleo_L031K6\Obj
[2] = dl6M_tlf.a
[3] = m6M_tl.a
[4] = rt6M_tl.a
[5] = shb_l.a

  19'848 bytes of readonly  code memory
     314 bytes of readonly  data memory
   1'606 bytes of readwrite data memory

Errors: none
Warnings: none
